515435761_4207589096184010_3646571341593310016_n.jpg
a1.jpg
a2.jpg
a3.jpg
a4.jpg
abrahamnoemi_azeletcitromokatadott_01_osz.jpg
abrahamnoemi_sztori_05.JPG
abrosz.jpg
ago.jpg
artusinstall.jpg
B0006919.jpg
b0006940.jpg
curves.jpg
curvesonsolarize.jpg
gant.jpg
haromd1.jpg
haromd10.jpg
haromd11.jpg
haromd2.jpg
haromd3.jpg
haromd4.jpg
haromd5.jpg
haromd6.jpg
haromd7.jpg
haromd8.jpg
haromd9.jpg
hessz1.2.jpg
hessz1.jpg
hessz2.jpg
hessz3.2.jpg
hessz3.jpg
hessz4.jpg
hessz5.2.jpg
hessz5.jpg
hessz6.jpg
hessz7.jpg
hessz8.jpg
IMG_6237 copy.jpg
IMG_6281 copy.jpg
IMG_6610.jpg
IMG_6635.jpg
IMG_6762 copy.jpg
IMG_8665_1.jpg
IMG_8784-2.jpg
IMG_8801-2.jpg
IMG_8824-2.jpg
IMG_8829-2.jpg
IMG_8838-2.jpg
inter0.png
inter1.png
inter2.png
inter3.png
inter4.png
inter5.png
inter6.png
inter9.png
invert.jpg
jj.jpg
Ke´pernyo?foto´ 2025-10-03 - 22.31.35.png
Ke´pernyo?foto´ 2025-10-03 - 22.34.33.png
Ke´pernyo?foto´ 2025-10-03 - 22.35.21.png
Ke´pernyo?foto´ 2025-10-03 - 22.35.48.png
Ke´pernyo?foto´ 2025-10-03 - 22.38.00.png
konyv1.jpg
konyv2.jpg
konyv3.jpg
konyv4.jpg
konyv5.jpg
konyv6.jpg
konyv7.jpg
konyv8.jpg
kovago.png
lichen1.jpg
lichen2.jpg
lichen3.jpg
lichen4.jpg
lichen5.jpg
lichen6.jpg
lichen7.jpg
lichen8.jpg
lichen9.jpg
mzh.jpg
negativ.jpg
optikai.jpg
pecsinstall.jpg
pecsinstall1.jpg
sima.jpg
solarize.jpg
sub1.jpg
sub2.jpg
sub3.jpg
sub4.jpg
sub5.jpg
sub6.jpg
subkep1.jpg
subkep10.jpg
subkep11.jpg
subkep12.jpg
subkep13.jpg
subkep14.jpg
subkep15.jpg
subkep16.jpg
subkep17.jpg
subkep18.jpg
subkep19.jpg
subkep2.jpg
subkep20.jpg
subkep21.jpg
subkep22.jpg
subkep23.jpg
subkep24.jpg
subkep25.jpg
subkep3.jpg
subkep4.jpg
subkep5.jpg
subkep6.jpg
subkep7.jpg
subkep8.jpg
subkep9.jpg
susu1.jpg
susu10.jpg
susu11.jpg
susu12.jpg
susu13.jpg
susu14.jpg
susu2.jpg
susu3.jpg
susu4.jpg
susu5.jpg
susu6.jpg
susu7.jpg
susu8.jpg
susu9.jpg
sztori.jpg
szurkulet.jpg
szurkulet1.jpg
talalt_1.jpg
talalt_2.jpg
ter.jpg
termetsz.jpg
terra1.jpg
terra1copy.jpg
terra2.jpg
terra3.jpg
terra4.jpg
terra5.jpg
terra9.jpg
textil1.jpg
textil10.jpg
textil11.jpg
textil12.jpg
textil13.jpg
textil14.jpg
textil15.jpg
textil16.jpg
textil17.jpg
textil2.jpg
textil3.jpg
textil4.jpg
textil5.jpg
textil6.jpg
textil7.jpg
textil8.jpg
textil9.jpg
tojas.jpg
under1.jpg
under2.jpg
under3.jpg
under4.jpg
under5.jpg
under6.jpg
under7.jpg
under8.jpg
unnamed.jpg
unnamed1.jpg
unnamed2.jpg
